###############################################################################
#
# IAR ELF Linker V8.40.2.214/W32 for ARM                  21/May/2020  05:07:38
# Copyright 2007-2019 IAR Systems AB.
#
#    Output file  =
#        C:\Users\KK\Desktop\git\Embedded-C\Tiva C
#        TI\Projects\IAR\Mem_mapped_GPIO_RW\Debug\Exe\mem_mapped_GPIO_RW.out
#    Map file     =
#        C:\Users\KK\Desktop\git\Embedded-C\Tiva C
#        TI\Projects\IAR\Mem_mapped_GPIO_RW\Debug\List\mem_mapped_GPIO_RW.map
#    Command line =
#        -f C:\Users\KK\AppData\Local\Temp\EWE185.tmp
#        ("C:\Users\KK\Desktop\git\Embedded-C\Tiva C
#        TI\Projects\IAR\Mem_mapped_GPIO_RW\Debug\Obj\main.o"
#        --no_out_extension -o "C:\Users\KK\Desktop\git\Embedded-C\Tiva C
#        TI\Projects\IAR\Mem_mapped_GPIO_RW\Debug\Exe\mem_mapped_GPIO_RW.out"
#        --redirect _Printf=_PrintfFullNoMb --redirect _Scanf=_ScanfFullNoMb
#        --map "C:\Users\KK\Desktop\git\Embedded-C\Tiva C
#        TI\Projects\IAR\Mem_mapped_GPIO_RW\Debug\List\mem_mapped_GPIO_RW.map"
#        --config "C:\Program Files (x86)\IAR Systems\Embedded Workbench
#        8.3\arm\CONFIG\generic_cortex.icf" --semihosting --entry
#        __iar_program_start --vfe --text_out locale)
#
###############################################################################

*******************************************************************************
*** RUNTIME MODEL ATTRIBUTES
***

CppFlavor       = *
__SystemLibrary = DLib
__dlib_version  = 6


*******************************************************************************
*** HEAP SELECTION
***

The basic heap was selected because some modules are built with
size limitations (and not runtime checking), and --advanced_heap
was not specified.


*******************************************************************************
*** PLACEMENT SUMMARY
***

"A0":  place at address 0x0 { ro section .intvec };
"P1":  place in [from 0x0 to 0x7'ffff] { ro };
define block CSTACK with size = 1K, alignment = 8 { };
define block PROC_STACK with size = 0, alignment = 8 { };
define block HEAP with size = 2K, alignment = 8 { };
"P2":  place in [from 0x2000'0000 to 0x2000'ffff] {
          rw, block CSTACK, block PROC_STACK, block HEAP };

No sections matched the following patterns:

  rw  in "P2"


  Section   Kind         Address   Size  Object
  -------   ----         -------   ----  ------
"A0":                              0x40
  .intvec   ro code          0x0   0x40  vector_table_M.o [3]
                          - 0x40   0x40

"P1":                             0x2b0
  .text     ro code         0x40  0x25c  main.o [1]
  .text     ro code        0x29c   0x1e  cmain.o [3]
  .text     ro code        0x2ba    0x4  low_level_init.o [2]
  .text     ro code        0x2be    0x4  exit.o [2]
  .text     ro code        0x2c2    0x2  vector_table_M.o [3]
  .text     ro code        0x2c4    0xa  cexit.o [3]
  .text     ro code        0x2d0   0x14  exit.o [4]
  .text     ro code        0x2e4    0xc  cstartup_M.o [3]
                         - 0x2f0  0x2b0

"P2":                             0x400
  CSTACK             0x2000'0000  0x400  <Block>
    CSTACK  uninit   0x2000'0000  0x400  <Block tail>
                   - 0x2000'0400  0x400

Unused ranges:

         From           To      Size
         ----           --      ----
        0x2f0     0x7'ffff  0x7'fd10
  0x2000'0400  0x2000'ffff    0xfc00



*******************************************************************************
*** MODULE SUMMARY
***

    Module            ro code  rw data
    ------            -------  -------
command line/config:
    ----------------------------------
    Total:

C:\Users\KK\Desktop\git\Embedded-C\Tiva C TI\Projects\IAR\Mem_mapped_GPIO_RW\Debug\Obj: [1]
    main.o                604
    ----------------------------------
    Total:                604

dl7M_tln.a: [2]
    exit.o                  4
    low_level_init.o        4
    ----------------------------------
    Total:                  8

rt7M_tl.a: [3]
    cexit.o                10
    cmain.o                30
    cstartup_M.o           12
    vector_table_M.o       66
    ----------------------------------
    Total:                118

shb_l.a: [4]
    exit.o                 20
    ----------------------------------
    Total:                 20

    Gaps                    2
    Linker created               1'024
--------------------------------------
    Grand Total:          752    1'024


*******************************************************************************
*** ENTRY LIST
***

Entry                     Address  Size  Type      Object
-----                     -------  ----  ----      ------
?main                       0x29d        Code  Gb  cmain.o [3]
CSTACK$$Base          0x2000'0000         --   Gb  - Linker created -
CSTACK$$Limit         0x2000'0400         --   Gb  - Linker created -
EnableRCGCGPIO               0x77  0x66  Code  Gb  main.o [1]
Region$$Table$$Base           0x0         --   Gb  - Linker created -
Region$$Table$$Limit          0x0         --   Gb  - Linker created -
__cmain                     0x29d        Code  Gb  cmain.o [3]
__exit                      0x2d1  0x14  Code  Gb  exit.o [4]
__iar_program_start         0x2e5        Code  Gb  cstartup_M.o [3]
__low_level_init            0x2bb   0x4  Code  Gb  low_level_init.o [2]
__vector_table                0x0        Data  Gb  vector_table_M.o [3]
_call_main                  0x2a9        Code  Gb  cmain.o [3]
_exit                       0x2c5        Code  Gb  cexit.o [3]
_main                       0x2b7        Code  Gb  cmain.o [3]
exit                        0x2bf   0x4  Code  Gb  exit.o [2]
main                        0x23f  0x10  Code  Gb  main.o [1]
setGPIODEN                  0x14b  0x6e  Code  Gb  main.o [1]
setGPIODIR                   0xdd  0x6e  Code  Gb  main.o [1]
writeDIGITAL_GPIO            0x41  0x36  Code  Gb  main.o [1]
writeGPIOdata               0x1b9  0x86  Code  Gb  main.o [1]


[1] = C:\Users\KK\Desktop\git\Embedded-C\Tiva C TI\Projects\IAR\Mem_mapped_GPIO_RW\Debug\Obj
[2] = dl7M_tln.a
[3] = rt7M_tl.a
[4] = shb_l.a

    752 bytes of readonly  code memory
  1'024 bytes of readwrite data memory

Errors: none
Warnings: none
