###############################################################################
#
# IAR ELF Linker V8.40.2.214/W32 for ARM                  20/May/2020  03:42:48
# Copyright 2007-2019 IAR Systems AB.
#
#    Output file  =  C:\embedded_programming\IAR\Debug\Exe\GPIO_write.out
#    Map file     =  C:\embedded_programming\IAR\Debug\List\GPIO_write.map
#    Command line =
#        -f C:\Users\KK\AppData\Local\Temp\EWE620.tmp
#        (C:\embedded_programming\IAR\Debug\Obj\main.o --no_out_extension -o
#        C:\embedded_programming\IAR\Debug\Exe\GPIO_write.out --redirect
#        _Printf=_PrintfFullNoMb --redirect _Scanf=_ScanfFullNoMb --map
#        C:\embedded_programming\IAR\Debug\List\GPIO_write.map --config
#        "C:\Program Files (x86)\IAR Systems\Embedded Workbench
#        8.3\arm\config\linker\TexasInstruments\TM4C123GH6.icf" --semihosting
#        --entry __iar_program_start --vfe --text_out locale)
#
###############################################################################

*******************************************************************************
*** RUNTIME MODEL ATTRIBUTES
***

CppFlavor       = *
__SystemLibrary = DLib
__dlib_version  = 6


*******************************************************************************
*** HEAP SELECTION
***

The basic heap was selected because some modules are built with
size limitations (and not runtime checking), and --advanced_heap
was not specified.


*******************************************************************************
*** PLACEMENT SUMMARY
***

"A0":  place at address 0x0 { ro section .intvec };
"P1":  place in [from 0x0 to 0x3'ffff] { ro };
define block CSTACK with size = 4K, alignment = 8 { };
define block HEAP with size = 8K, alignment = 8 { };
"P2":  place in [from 0x2000'0000 to 0x2000'7fff] {
          rw, block CSTACK, block HEAP };

No sections matched the following patterns:

  rw  in "P2"


  Section   Kind         Address    Size  Object
  -------   ----         -------    ----  ------
"A0":                               0x40
  .intvec   ro code          0x0    0x40  vector_table_M.o [4]
                          - 0x40    0x40

"P1":                              0x300
  .text     ro code         0x40   0x288  main.o [1]
  .text     ro code        0x2c8    0x22  fpinit_M.o [3]
  .text     ro code        0x2ea     0x2  vector_table_M.o [4]
  .text     ro code        0x2ec    0x1e  cmain.o [4]
  .text     ro code        0x30a     0x4  low_level_init.o [2]
  .text     ro code        0x30e     0x4  exit.o [2]
  .text     ro code        0x314     0xa  cexit.o [4]
  .text     ro code        0x320    0x14  exit.o [5]
  .text     ro code        0x334     0xc  cstartup_M.o [4]
                         - 0x340   0x300

"P2":                             0x1000
  CSTACK             0x2000'0000  0x1000  <Block>
    CSTACK  uninit   0x2000'0000  0x1000  <Block tail>
                   - 0x2000'1000  0x1000

Unused ranges:

         From           To      Size
         ----           --      ----
        0x340     0x3'ffff  0x3'fcc0
  0x2000'1000  0x2000'7fff    0x7000



*******************************************************************************
*** MODULE SUMMARY
***

    Module            ro code  rw data
    ------            -------  -------
command line/config:
    ----------------------------------
    Total:

C:\embedded_programming\IAR\Debug\Obj: [1]
    main.o                648
    ----------------------------------
    Total:                648

dl7M_tln.a: [2]
    exit.o                  4
    low_level_init.o        4
    ----------------------------------
    Total:                  8

m7M_tls.a: [3]
    fpinit_M.o             34
    ----------------------------------
    Total:                 34

rt7M_tl.a: [4]
    cexit.o                10
    cmain.o                30
    cstartup_M.o           12
    vector_table_M.o       66
    ----------------------------------
    Total:                118

shb_l.a: [5]
    exit.o                 20
    ----------------------------------
    Total:                 20

    Gaps                    4
    Linker created               4'096
--------------------------------------
    Grand Total:          832    4'096


*******************************************************************************
*** ENTRY LIST
***

Entry                     Address  Size  Type      Object
-----                     -------  ----  ----      ------
?main                       0x2ed        Code  Gb  cmain.o [4]
CSTACK$$Base          0x2000'0000         --   Gb  - Linker created -
CSTACK$$Limit         0x2000'1000         --   Gb  - Linker created -
EnableRCGCGPIO               0xb1  0x64  Code  Gb  main.o [1]
Region$$Table$$Base           0x0         --   Gb  - Linker created -
Region$$Table$$Limit          0x0         --   Gb  - Linker created -
__cmain                     0x2ed        Code  Gb  cmain.o [4]
__exit                      0x321  0x14  Code  Gb  exit.o [5]
__iar_init_vfp              0x2c9        Code  Gb  fpinit_M.o [3]
__iar_program_start         0x335        Code  Gb  cstartup_M.o [4]
__low_level_init            0x30b   0x4  Code  Gb  low_level_init.o [2]
__vector_table                0x0        Data  Gb  vector_table_M.o [4]
_call_main                  0x2f9        Code  Gb  cmain.o [4]
_exit                       0x315        Code  Gb  cexit.o [4]
_main                       0x307        Code  Gb  cmain.o [4]
delaay                       0xa7   0xa  Code  Gb  main.o [1]
exit                        0x30f   0x4  Code  Gb  exit.o [2]
main                         0x41  0x30  Code  Gb  main.o [1]
setGPIODEN                  0x183  0x6e  Code  Gb  main.o [1]
setGPIODIR                  0x115  0x6e  Code  Gb  main.o [1]
writeDIGITAL_GPIO            0x71  0x36  Code  Gb  main.o [1]
writeGPIOdata               0x1f1  0x86  Code  Gb  main.o [1]


[1] = C:\embedded_programming\IAR\Debug\Obj
[2] = dl7M_tln.a
[3] = m7M_tls.a
[4] = rt7M_tl.a
[5] = shb_l.a

    832 bytes of readonly  code memory
  4'096 bytes of readwrite data memory

Errors: none
Warnings: none
